// Jest Snapshot v1, https://goo.gl/fbAQLP

exports[`renders Header.js correctly 1`] = `
<h1>
  Header here
</h1>
`;
