// Jest Snapshot v1, https://goo.gl/fbAQLP

exports[`renders ImageItem.js correctly 1`] = `
<li
  className="flex-column"
>
  <h3 />
  <div
    className="image-container"
  >
    <img />
  </div>
  <p />
</li>
`;
